// Vitest Snapshot v1, https://vitest.dev/guide/snapshot.html

exports[`Data Package Builder - Snapshot Testing > should match the master data package snapshot 1`] = `
{
  "ascendant": {
    "degree": "21.8676°",
    "nakshatra": "Jyeshtha",
    "sign": "Scorpio",
  },
  "ashtakavarga": {
    "aquarius": 24,
    "aries": 36,
    "cancer": 28,
    "capricorn": 32,
    "gemini": 28,
    "leo": 33,
    "libra": 25,
    "pisces": 28,
    "sagittarius": 22,
    "scorpio": 28,
    "taurus": 24,
    "virgo": 29,
  },
  "chalitDiscrepancies": [],
  "d10Lagna": "Aquarius",
  "d150Sign": "Pisces",
  "d60Planets": {
    "Jupiter": {
      "degree": "16.84°",
      "deity": "Ghora",
      "sign": "Pisces",
    },
    "Ketu": {
      "degree": "18.80°",
      "deity": "Kulanas",
      "sign": "Gemini",
    },
    "Mars": {
      "degree": "10.96°",
      "deity": "Brahma",
      "sign": "Libra",
    },
    "Mercury": {
      "degree": "12.45°",
      "deity": "Deva",
      "sign": "Taurus",
    },
    "Moon": {
      "degree": "6.84°",
      "deity": "Marutwan",
      "sign": "Sagittarius",
    },
    "Rahu": {
      "degree": "18.80°",
      "deity": "Kulanas",
      "sign": "Sagittarius",
    },
    "Saturn": {
      "degree": "4.59°",
      "deity": "Vahni",
      "sign": "Aries",
    },
    "Sun": {
      "degree": "25.83°",
      "deity": "Ashubha",
      "sign": "Leo",
    },
    "Venus": {
      "degree": "28.73°",
      "deity": "Ghora",
      "sign": "Scorpio",
    },
  },
  "d60Sign": "Gemini",
  "d9Lagna": "Capricorn",
  "gandantaAnalysis": {
    "distanceToGandanta": Infinity,
    "interpretation": "Birth time is clear of Gandanta zones. No special karmic sensitivity detected.",
    "isLagnaGandanta": false,
    "isMoonGandanta": false,
    "lagnaGandantaType": null,
    "moonGandantaType": null,
    "recommendations": [
      "No Gandanta-specific recommendations needed.",
    ],
    "severity": "none",
  },
  "houseLords": {
    "1": "Mars",
    "10": "Sun",
    "11": "Mercury",
    "12": "Venus",
    "2": "Jupiter",
    "3": "Saturn",
    "4": "Saturn",
    "5": "Jupiter",
    "6": "Mars",
    "7": "Venus",
    "8": "Mercury",
    "9": "Moon",
  },
  "ishtaKashtaPhala": {
    "Jupiter": {
      "ishta": 20,
      "kashta": 10,
    },
    "Ketu": {
      "ishta": 20,
      "kashta": 10,
    },
    "Mars": {
      "ishta": 20,
      "kashta": 10,
    },
    "Mercury": {
      "ishta": 20,
      "kashta": 10,
    },
    "Moon": {
      "ishta": 20,
      "kashta": 10,
    },
    "Rahu": {
      "ishta": 20,
      "kashta": 10,
    },
    "Saturn": {
      "ishta": 20,
      "kashta": 10,
    },
    "Sun": {
      "ishta": 20,
      "kashta": 10,
    },
    "Venus": {
      "ishta": 20,
      "kashta": 10,
    },
  },
  "kalachakraDasha": [
    {
      "durationYears": 1.8651528949318172,
      "endDate": 1981-11-12T05:55:48.997Z,
      "kalachakraType": "Savya",
      "lord": "Venus",
      "sign": "Taurus",
      "signIndex": 1,
      "startDate": 1980-01-01T00:00:00.000Z,
    },
    {
      "durationYears": 8,
      "endDate": 1989-11-12T05:55:48.997Z,
      "kalachakraType": "Savya",
      "lord": "Mercury",
      "sign": "Gemini",
      "signIndex": 2,
      "startDate": 1981-11-12T05:55:48.997Z,
    },
    {
      "durationYears": 9,
      "endDate": 1998-11-12T11:55:48.997Z,
      "kalachakraType": "Savya",
      "lord": "Moon",
      "sign": "Cancer",
      "signIndex": 3,
      "startDate": 1989-11-12T05:55:48.997Z,
    },
    {
      "durationYears": 10,
      "endDate": 2008-11-11T23:55:48.997Z,
      "kalachakraType": "Savya",
      "lord": "Sun",
      "sign": "Leo",
      "signIndex": 4,
      "startDate": 1998-11-12T11:55:48.997Z,
    },
    {
      "durationYears": 11,
      "endDate": 2019-11-12T17:55:48.997Z,
      "kalachakraType": "Savya",
      "lord": "Mercury",
      "sign": "Virgo",
      "signIndex": 5,
      "startDate": 2008-11-11T23:55:48.997Z,
    },
    {
      "durationYears": 12,
      "endDate": 2031-11-12T17:55:48.997Z,
      "kalachakraType": "Savya",
      "lord": "Venus",
      "sign": "Libra",
      "signIndex": 6,
      "startDate": 2019-11-12T17:55:48.997Z,
    },
    {
      "durationYears": 13,
      "endDate": 2044-11-11T23:55:48.997Z,
      "kalachakraType": "Savya",
      "lord": "Mars",
      "sign": "Scorpio",
      "signIndex": 7,
      "startDate": 2031-11-12T17:55:48.997Z,
    },
    {
      "durationYears": 14,
      "endDate": 2058-11-12T11:55:48.997Z,
      "kalachakraType": "Savya",
      "lord": "Jupiter",
      "sign": "Sagittarius",
      "signIndex": 8,
      "startDate": 2044-11-11T23:55:48.997Z,
    },
    {
      "durationYears": 15,
      "endDate": 2073-11-12T05:55:48.997Z,
      "kalachakraType": "Savya",
      "lord": "Saturn",
      "sign": "Capricorn",
      "signIndex": 9,
      "startDate": 2058-11-12T11:55:48.997Z,
    },
    {
      "durationYears": 16,
      "endDate": 2089-11-12T05:55:48.997Z,
      "kalachakraType": "Savya",
      "lord": "Saturn",
      "sign": "Aquarius",
      "signIndex": 10,
      "startDate": 2073-11-12T05:55:48.997Z,
    },
    {
      "durationYears": 17,
      "endDate": 2106-11-13T11:55:48.997Z,
      "kalachakraType": "Savya",
      "lord": "Jupiter",
      "sign": "Pisces",
      "signIndex": 11,
      "startDate": 2089-11-12T05:55:48.997Z,
    },
    {
      "durationYears": 18,
      "endDate": 2124-11-12T23:55:48.997Z,
      "kalachakraType": "Savya",
      "lord": "Mars",
      "sign": "Aries",
      "signIndex": 0,
      "startDate": 2106-11-13T11:55:48.997Z,
    },
  ],
  "lifecycleShifts": [],
  "moonNakshatra": "Mrigashirsha",
  "nadiData": {
    "ascendant": {
      "degree": 10.137004998536373,
      "deity": "Unknown",
      "index": 110,
      "karmicSignificance": "Spiritual evolution path",
      "nadiName": "Nadi 128.5",
      "phala": "General",
      "sign": "Scorpio",
      "timeResolution": 4.8,
      "totalLongitude": 231.86758003332358,
    },
    "jupiter": {
      "degree": 27.105106945820097,
      "deity": "Kaveri",
      "index": 19,
      "karmicSignificance": "Family lineage karma",
      "nadiName": "Nadi 32",
      "phala": "Wealthy",
      "sign": "Leo",
      "timeResolution": 4.8,
      "totalLongitude": 123.78070071297213,
    },
    "ketu": {
      "degree": 17.011055229674458,
      "deity": "Uruguay",
      "index": 42,
      "karmicSignificance": "Relationship karma",
      "nadiName": "Nadi 84",
      "phala": "Explorer",
      "sign": "Aquarius",
      "timeResolution": 4.8,
      "totalLongitude": 308.3134070348645,
    },
    "mars": {
      "degree": 12.40721259335703,
      "deity": "Unknown",
      "index": 69,
      "karmicSignificance": "Career/Dharma focus",
      "nadiName": "Nadi 106.5",
      "phala": "General",
      "sign": "Cancer",
      "timeResolution": 4.8,
      "totalLongitude": 103.68271475062238,
    },
    "mercury": {
      "degree": 1.132162429093997,
      "deity": "Unknown",
      "index": 17,
      "karmicSignificance": "Present life creation",
      "nadiName": "Nadi 71.5",
      "phala": "General",
      "sign": "Scorpio",
      "timeResolution": 4.8,
      "totalLongitude": 213.2075477495273,
    },
    "moon": {
      "degree": 17.0991728766239,
      "deity": "Santa Cruz",
      "index": 16,
      "karmicSignificance": "Career/Dharma focus",
      "nadiName": "Nadi 116",
      "phala": "Reformer",
      "sign": "Gemini",
      "timeResolution": 4.8,
      "totalLongitude": 63.11399448584416,
    },
    "rahu": {
      "degree": 17.011055229674458,
      "deity": "Vayu",
      "index": 42,
      "karmicSignificance": "Past life karma dominant",
      "nadiName": "Nadi 9",
      "phala": "Teacher",
      "sign": "Leo",
      "timeResolution": 4.8,
      "totalLongitude": 128.3134070348645,
    },
    "saturn": {
      "degree": 11.467420431983827,
      "deity": "Ohio",
      "index": 111,
      "karmicSignificance": "Relationship karma",
      "nadiName": "Nadi 90",
      "phala": "Visionary",
      "sign": "Leo",
      "timeResolution": 4.8,
      "totalLongitude": 142.07644946954656,
    },
    "sun": {
      "degree": 4.568238271840391,
      "deity": "Mobile",
      "index": 83,
      "karmicSignificance": "Career/Dharma focus",
      "nadiName": "Nadi 108",
      "phala": "Farmer",
      "sign": "Sagittarius",
      "timeResolution": 4.8,
      "totalLongitude": 256.43045492181227,
    },
    "venus": {
      "degree": 11.836195443302094,
      "deity": "Unknown",
      "index": 23,
      "karmicSignificance": "Relationship karma",
      "nadiName": "Nadi 85.5",
      "phala": "General",
      "sign": "Pisces",
      "timeResolution": 4.8,
      "totalLongitude": 334.478907969622,
    },
  },
  "offsetMinutes": 0,
  "pakshiAnalysis": {
    "activityStrengths": [
      "communication",
      "travel",
      "messaging",
      "social work",
    ],
    "activityWeaknesses": [
      "deep study",
      "isolation",
      "slow processes",
    ],
    "birdStrength": "moderate",
    "birthTimeQuality": "Moderate birth time quality. Crow provides average influence. May need effort in communication.",
    "personalityTraits": [
      "clever",
      "adaptable",
      "communicative",
      "mystical",
      "communication skills",
      "adaptability",
      "mysticism",
    ],
    "rulingBird": {
      "dominantActivities": [
        "communication",
        "travel",
        "messaging",
        "social work",
      ],
      "element": "Fire",
      "name": "Crow",
      "qualities": [
        "clever",
        "adaptable",
        "communicative",
        "mystical",
      ],
      "rulingHours": [
        2,
        7,
        12,
        17,
        22,
      ],
      "sanskritName": "Kaka",
      "weakActivities": [
        "deep study",
        "isolation",
        "slow processes",
      ],
    },
    "secondaryBird": null,
    "verificationNotes": "Pakshi: Crow (Kaka) ruling at birth time. ⚠ Bird element (Fire) differs from Lagna (Water) - Verify. Pakshi analysis suggests verifying birth time ±10-15 minutes.",
  },
  "panchanga": {
    "karana": {
      "name": "Karana 28",
      "number": 28,
    },
    "tithi": {
      "name": "Chaturdashi",
      "number": 14,
      "percentage": 89.02949636693242,
    },
    "weekday": "Monday",
    "yoga": {
      "name": "Shukla",
      "number": 24,
      "percentage": 96.58337055742312,
    },
  },
  "planets": {
    "jupiter": {
      "aspects": [],
      "avastha": "Bala",
      "bav": null,
      "compoundDignity": "Neutral",
      "d60Deity": "Kulaghna",
      "degree": "3.7807°",
      "dignity": "Friendly",
      "functionalNature": {
        "reason": "General placement",
        "role": "Neutral",
      },
      "house": 10,
      "isCombust": false,
      "isRetro": false,
      "ishtaKashtaPhala": {
        "ishta": 20,
        "kashta": 10,
      },
      "nakshatra": "Magha",
      "shadbala": null,
      "shadbalaBreakdown": undefined,
      "sign": "Leo",
      "speed": 0.08305294541969488,
    },
    "ketu": {
      "aspects": [],
      "avastha": "Kumara",
      "bav": null,
      "compoundDignity": "Neutral",
      "d60Deity": "Amrita",
      "degree": "8.3134°",
      "dignity": "Friendly",
      "functionalNature": {
        "reason": "General placement",
        "role": "Neutral",
      },
      "house": 4,
      "isCombust": false,
      "isRetro": true,
      "ishtaKashtaPhala": {
        "ishta": 20,
        "kashta": 10,
      },
      "nakshatra": "Shatabhisha",
      "shadbala": null,
      "shadbalaBreakdown": undefined,
      "sign": "Aquarius",
      "speed": -0.052992030039717974,
    },
    "mars": {
      "aspects": [],
      "avastha": "Yuva",
      "bav": null,
      "compoundDignity": "Neutral",
      "d60Deity": "Kshiteeshwar",
      "degree": "13.6827°",
      "dignity": "Debilitated",
      "functionalNature": {
        "reason": "General placement",
        "role": "Neutral",
      },
      "house": 9,
      "isCombust": false,
      "isRetro": false,
      "ishtaKashtaPhala": {
        "ishta": 20,
        "kashta": 10,
      },
      "nakshatra": "Pushya",
      "shadbala": null,
      "shadbalaBreakdown": undefined,
      "sign": "Cancer",
      "speed": 0.5239945918719968,
    },
    "mercury": {
      "aspects": [],
      "avastha": "Bala",
      "bav": null,
      "compoundDignity": "Neutral",
      "d60Deity": "Bhrashta",
      "degree": "3.2075°",
      "dignity": "Enemy",
      "functionalNature": {
        "reason": "General placement",
        "role": "Neutral",
      },
      "house": 1,
      "isCombust": false,
      "isRetro": false,
      "ishtaKashtaPhala": {
        "ishta": 20,
        "kashta": 10,
      },
      "nakshatra": "Vishakha",
      "shadbala": null,
      "shadbalaBreakdown": undefined,
      "sign": "Scorpio",
      "speed": 4.092300558513671,
    },
    "moon": {
      "aspects": [],
      "avastha": "Bala",
      "bav": null,
      "compoundDignity": "Neutral",
      "d60Deity": "Bhrashta",
      "degree": "3.1140°",
      "dignity": "Enemy",
      "functionalNature": {
        "reason": "General placement",
        "role": "Neutral",
      },
      "house": 8,
      "isCombust": false,
      "isRetro": false,
      "ishtaKashtaPhala": {
        "ishta": 20,
        "kashta": 10,
      },
      "nakshatra": "Mrigashirsha",
      "shadbala": null,
      "shadbalaBreakdown": undefined,
      "sign": "Gemini",
      "speed": 13.2,
    },
    "rahu": {
      "aspects": [],
      "avastha": "Kumara",
      "bav": null,
      "compoundDignity": "Neutral",
      "d60Deity": "Amrita",
      "degree": "8.3134°",
      "dignity": "Enemy",
      "functionalNature": {
        "reason": "General placement",
        "role": "Neutral",
      },
      "house": 10,
      "isCombust": false,
      "isRetro": true,
      "ishtaKashtaPhala": {
        "ishta": 20,
        "kashta": 10,
      },
      "nakshatra": "Magha",
      "shadbala": null,
      "shadbalaBreakdown": undefined,
      "sign": "Leo",
      "speed": -0.052992030039717974,
    },
    "saturn": {
      "aspects": [],
      "avastha": "Vriddha",
      "bav": null,
      "compoundDignity": "Neutral",
      "d60Deity": "Karaladamshtra",
      "degree": "22.0764°",
      "dignity": "Enemy",
      "functionalNature": {
        "reason": "General placement",
        "role": "Neutral",
      },
      "house": 10,
      "isCombust": false,
      "isRetro": false,
      "ishtaKashtaPhala": {
        "ishta": 20,
        "kashta": 10,
      },
      "nakshatra": "Purva Phalguni",
      "shadbala": null,
      "shadbalaBreakdown": undefined,
      "sign": "Leo",
      "speed": 0.033421405377964675,
    },
    "sun": {
      "aspects": [],
      "avastha": "Yuva",
      "bav": null,
      "compoundDignity": "Neutral",
      "d60Deity": "Davagni",
      "degree": "16.4305°",
      "dignity": "Friendly",
      "functionalNature": {
        "reason": "General placement",
        "role": "Neutral",
      },
      "house": 2,
      "isCombust": false,
      "isRetro": false,
      "ishtaKashtaPhala": {
        "ishta": 20,
        "kashta": 10,
      },
      "nakshatra": "Purva Ashadha",
      "shadbala": null,
      "shadbalaBreakdown": undefined,
      "sign": "Sagittarius",
      "speed": 1,
    },
    "venus": {
      "aspects": [],
      "avastha": "Bala",
      "bav": null,
      "compoundDignity": "Neutral",
      "d60Deity": "Garala",
      "degree": "4.4789°",
      "dignity": "Exalted",
      "functionalNature": {
        "reason": "General placement",
        "role": "Neutral",
      },
      "house": 5,
      "isCombust": false,
      "isRetro": false,
      "ishtaKashtaPhala": {
        "ishta": 20,
        "kashta": 10,
      },
      "nakshatra": "Uttara Bhadrapada",
      "shadbala": null,
      "shadbalaBreakdown": undefined,
      "sign": "Pisces",
      "speed": 1.6020922340430843,
    },
  },
  "rawVimshottari": [],
  "sandhiZones": [],
  "shadbalaSummary": {
    "averageStrength": 180,
    "benifics": {
      "strong": [
        "jupiter",
        "venus",
        "moon",
        "mercury",
      ],
      "weak": [],
    },
    "malefics": {
      "strong": [
        "saturn",
        "mars",
        "sun",
      ],
      "weak": [],
    },
    "planets": {
      "jupiter": {
        "breakdown": {
          "chesthaBala": 20,
          "digBala": 30,
          "drigBala": 30,
          "kalaBala": 40,
          "naisargikaBala": 34,
          "sthanaBala": 15,
        },
        "details": {
          "combustion": false,
          "directionalStrong": false,
          "enemy": false,
          "exaltation": false,
          "friend": false,
          "greatEnemy": false,
          "greatFriend": true,
          "moolatrikona": false,
          "neutral": false,
          "ownSign": false,
          "retrograde": false,
        },
        "planet": "jupiter",
        "strength": "excellent",
        "total": 169.29,
        "totalRupas": 2.82,
      },
      "mars": {
        "breakdown": {
          "chesthaBala": 30,
          "digBala": 50,
          "drigBala": 30,
          "kalaBala": 25,
          "naisargikaBala": 17,
          "sthanaBala": 15,
        },
        "details": {
          "combustion": false,
          "directionalStrong": false,
          "enemy": false,
          "exaltation": false,
          "friend": true,
          "greatEnemy": false,
          "greatFriend": false,
          "moolatrikona": false,
          "neutral": false,
          "ownSign": false,
          "retrograde": false,
        },
        "planet": "mars",
        "strength": "excellent",
        "total": 167.14,
        "totalRupas": 2.79,
      },
      "mercury": {
        "breakdown": {
          "chesthaBala": 40,
          "digBala": 60,
          "drigBala": 27,
          "kalaBala": 25,
          "naisargikaBala": 26,
          "sthanaBala": 5,
        },
        "details": {
          "combustion": false,
          "directionalStrong": true,
          "enemy": false,
          "exaltation": false,
          "friend": false,
          "greatEnemy": false,
          "greatFriend": false,
          "moolatrikona": false,
          "neutral": true,
          "ownSign": false,
          "retrograde": false,
        },
        "planet": "mercury",
        "strength": "excellent",
        "total": 182.71,
        "totalRupas": 3.05,
      },
      "moon": {
        "breakdown": {
          "chesthaBala": 40,
          "digBala": 20,
          "drigBala": 30,
          "kalaBala": 25,
          "naisargikaBala": 51,
          "sthanaBala": 10,
        },
        "details": {
          "combustion": false,
          "directionalStrong": false,
          "enemy": false,
          "exaltation": false,
          "friend": true,
          "greatEnemy": false,
          "greatFriend": false,
          "moolatrikona": false,
          "neutral": false,
          "ownSign": false,
          "retrograde": false,
        },
        "planet": "moon",
        "strength": "excellent",
        "total": 176.43,
        "totalRupas": 2.94,
      },
      "saturn": {
        "breakdown": {
          "chesthaBala": 20,
          "digBala": 30,
          "drigBala": 30,
          "kalaBala": 35,
          "naisargikaBala": 9,
          "sthanaBala": 15,
        },
        "details": {
          "combustion": false,
          "directionalStrong": false,
          "enemy": false,
          "exaltation": false,
          "friend": false,
          "greatEnemy": false,
          "greatFriend": false,
          "moolatrikona": false,
          "neutral": true,
          "ownSign": false,
          "retrograde": false,
        },
        "planet": "saturn",
        "strength": "excellent",
        "total": 138.57,
        "totalRupas": 2.31,
      },
      "sun": {
        "breakdown": {
          "chesthaBala": 40,
          "digBala": 20,
          "drigBala": 30,
          "kalaBala": 40,
          "naisargikaBala": 60,
          "sthanaBala": 35,
        },
        "details": {
          "combustion": false,
          "directionalStrong": false,
          "enemy": false,
          "exaltation": false,
          "friend": false,
          "greatEnemy": false,
          "greatFriend": true,
          "moolatrikona": false,
          "neutral": false,
          "ownSign": false,
          "retrograde": false,
        },
        "planet": "sun",
        "strength": "excellent",
        "total": 225,
        "totalRupas": 3.75,
      },
      "venus": {
        "breakdown": {
          "chesthaBala": 40,
          "digBala": 50,
          "drigBala": 31,
          "kalaBala": 40,
          "naisargikaBala": 43,
          "sthanaBala": 0,
        },
        "details": {
          "combustion": false,
          "directionalStrong": false,
          "enemy": false,
          "exaltation": true,
          "friend": false,
          "greatEnemy": false,
          "greatFriend": false,
          "moolatrikona": false,
          "neutral": true,
          "ownSign": false,
          "retrograde": false,
        },
        "planet": "venus",
        "strength": "excellent",
        "total": 203.61,
        "totalRupas": 3.39,
      },
    },
    "strongestPlanet": "sun",
    "weakestPlanet": "saturn",
  },
  "specialPoints": {
    "AL": {
      "degree": "0.00°",
      "house": 4,
      "sign": "Aquarius",
    },
    "BB": {
      "degree": "5.71°",
      "house": 0,
      "sign": "Cancer",
    },
    "UL": {
      "degree": "0.00°",
      "house": 5,
      "sign": "Unknown",
    },
  },
  "spouseMatch": undefined,
  "time": "12:00:00",
  "vargaDegrees": {
    "D10": {
      "Ascendant": "Aquarius 8.68°",
      "Jupiter": "Virgo 7.81°",
      "Ketu": "Aries 23.13°",
      "Mars": "Cancer 16.83°",
      "Mercury": "Leo 2.08°",
      "Moon": "Cancer 1.14°",
      "Rahu": "Libra 23.13°",
      "Saturn": "Pisces 10.76°",
      "Sun": "Taurus 14.30°",
      "Venus": "Sagittarius 14.79°",
    },
    "D150": {
      "Ascendant": "Pisces 10.14°",
      "Jupiter": "Libra 27.11°",
      "Ketu": "Scorpio 17.01°",
      "Mars": "Pisces 12.41°",
      "Mercury": "Sagittarius 1.13°",
      "Moon": "Pisces 17.10°",
      "Rahu": "Scorpio 17.01°",
      "Saturn": "Aquarius 11.47°",
      "Sun": "Libra 4.57°",
      "Venus": "Libra 11.84°",
    },
    "D60": {
      "Ascendant": "Gemini 22.05°",
      "Jupiter": "Pisces 16.84°",
      "Ketu": "Gemini 18.80°",
      "Mars": "Libra 10.96°",
      "Mercury": "Taurus 12.45°",
      "Moon": "Sagittarius 6.84°",
      "Rahu": "Sagittarius 18.80°",
      "Saturn": "Aries 4.59°",
      "Sun": "Leo 25.83°",
      "Venus": "Scorpio 28.73°",
    },
    "D9": {
      "Ascendant": "Capricorn 16.81°",
      "Jupiter": "Taurus 4.03°",
      "Ketu": "Sagittarius 14.82°",
      "Mars": "Scorpio 3.14°",
      "Mercury": "Cancer 28.87°",
      "Moon": "Libra 28.03°",
      "Rahu": "Gemini 14.82°",
      "Saturn": "Libra 18.69°",
      "Sun": "Leo 27.87°",
      "Venus": "Leo 10.31°",
    },
  },
  "vedicSignals": {
    "charaKarakas": [
      {
        "degree": 22.07644946954656,
        "karakaName": "Atmakaraka",
        "planet": "saturn",
        "sign": "Leo",
      },
      {
        "degree": 16.43045492181227,
        "karakaName": "Amatyakaraka",
        "planet": "sun",
        "sign": "Sagittarius",
      },
      {
        "degree": 13.682714750622381,
        "karakaName": "Bhratrikaraka",
        "planet": "mars",
        "sign": "Cancer",
      },
      {
        "degree": 4.478907969622014,
        "karakaName": "Matrikaraka",
        "planet": "venus",
        "sign": "Pisces",
      },
      {
        "degree": 3.780700712972134,
        "karakaName": "Putrakaraka",
        "planet": "jupiter",
        "sign": "Leo",
      },
      {
        "degree": 3.2075477495272935,
        "karakaName": "Gnatikaraka",
        "planet": "mercury",
        "sign": "Scorpio",
      },
      {
        "degree": 3.1139944858441595,
        "karakaName": "Darakaraka",
        "planet": "moon",
        "sign": "Gemini",
      },
    ],
    "kundaLagna": {
      "degree": 1.2739826992110466,
      "matchesMoon": true,
      "sign": "Gemini",
    },
    "parivartana": [
      {
        "houses": [
          2,
          10,
        ],
        "planets": [
          "Jupiter",
          "Sun",
        ],
      },
    ],
    "pushkar": [
      "MOON",
      "JUPITER",
      "SATURN",
      "KETU",
    ],
    "tatwa": {
      "element": "Air",
      "isAuspicious": true,
      "name": "Vayu",
    },
    "vargottama": [],
  },
  "vimshottariDasha": [
    {
      "antar": "Venus",
      "maha": "Mars",
      "prana": "?",
      "pratyantar": "?",
      "startEnd": "1980-01-01 to 1981-11-12",
      "sukshma": "?",
    },
  ],
  "vimsopakaBala": {
    "total": 0,
  },
  "yogas": [],
}
`;
