// Vitest Snapshot v1, https://vitest.dev/guide/snapshot.html

exports[`Data Package Builder - Snapshot Testing > should match the master data package snapshot 1`] = `
{
  "ascendant": {
    "degree": "13.2482°",
    "nakshatra": "Uttara Bhadrapada",
    "sign": "Pisces",
  },
  "ashtakavarga": {
    "aquarius": 23,
    "aries": 31,
    "cancer": 26,
    "capricorn": 26,
    "gemini": 34,
    "leo": 29,
    "libra": 27,
    "pisces": 27,
    "sagittarius": 27,
    "scorpio": 28,
    "taurus": 33,
    "virgo": 26,
  },
  "chalitDiscrepancies": [],
  "d10Lagna": "Pisces",
  "d150Sign": "Gemini",
  "d60Planets": {
    "Jupiter": {
      "degree": "7.06°",
      "deity": "Kaala",
      "sign": "Taurus",
    },
    "Ketu": {
      "degree": "20.95°",
      "deity": "Saumya",
      "sign": "Pisces",
    },
    "Mars": {
      "degree": "26.52°",
      "deity": "Sumukha",
      "sign": "Sagittarius",
    },
    "Mercury": {
      "degree": "17.62°",
      "deity": "Kantaka",
      "sign": "Virgo",
    },
    "Moon": {
      "degree": "8.72°",
      "deity": "Indu",
      "sign": "Sagittarius",
    },
    "Rahu": {
      "degree": "20.95°",
      "deity": "Saumya",
      "sign": "Virgo",
    },
    "Saturn": {
      "degree": "24.86°",
      "deity": "Nirmala",
      "sign": "Pisces",
    },
    "Sun": {
      "degree": "24.89°",
      "deity": "Nirmala",
      "sign": "Leo",
    },
    "Venus": {
      "degree": "9.30°",
      "deity": "Mridu",
      "sign": "Capricorn",
    },
  },
  "d60Sign": "Taurus",
  "d9Lagna": "Libra",
  "gandantaAnalysis": {
    "distanceToGandanta": Infinity,
    "interpretation": "Birth time is clear of Gandanta zones. No special karmic sensitivity detected.",
    "isLagnaGandanta": false,
    "isMoonGandanta": false,
    "lagnaGandantaType": null,
    "moonGandantaType": null,
    "recommendations": [
      "No Gandanta-specific recommendations needed.",
    ],
    "severity": "none",
  },
  "houseLords": {
    "1": "Jupiter",
    "10": "Jupiter",
    "11": "Saturn",
    "12": "Saturn",
    "2": "Mars",
    "3": "Venus",
    "4": "Mercury",
    "5": "Moon",
    "6": "Sun",
    "7": "Mercury",
    "8": "Venus",
    "9": "Mars",
  },
  "ishtaKashtaPhala": {
    "Jupiter": {
      "ishta": 20,
      "kashta": 10,
    },
    "Ketu": {
      "ishta": 20,
      "kashta": 10,
    },
    "Mars": {
      "ishta": 20,
      "kashta": 10,
    },
    "Mercury": {
      "ishta": 20,
      "kashta": 10,
    },
    "Moon": {
      "ishta": 20,
      "kashta": 10,
    },
    "Rahu": {
      "ishta": 20,
      "kashta": 10,
    },
    "Saturn": {
      "ishta": 20,
      "kashta": 10,
    },
    "Sun": {
      "ishta": 20,
      "kashta": 10,
    },
    "Venus": {
      "ishta": 20,
      "kashta": 10,
    },
  },
  "kalachakraDasha": [
    {
      "durationYears": 1.8486915304042597,
      "endDate": 1981-11-06T05:37:47.839Z,
      "kalachakraType": "Savya",
      "lord": "Venus",
      "sign": "Taurus",
      "signIndex": 1,
      "startDate": 1980-01-01T00:00:00.000Z,
    },
    {
      "durationYears": 8,
      "endDate": 1989-11-06T05:37:47.839Z,
      "kalachakraType": "Savya",
      "lord": "Mercury",
      "sign": "Gemini",
      "signIndex": 2,
      "startDate": 1981-11-06T05:37:47.839Z,
    },
    {
      "durationYears": 9,
      "endDate": 1998-11-06T11:37:47.839Z,
      "kalachakraType": "Savya",
      "lord": "Moon",
      "sign": "Cancer",
      "signIndex": 3,
      "startDate": 1989-11-06T05:37:47.839Z,
    },
    {
      "durationYears": 10,
      "endDate": 2008-11-05T23:37:47.839Z,
      "kalachakraType": "Savya",
      "lord": "Sun",
      "sign": "Leo",
      "signIndex": 4,
      "startDate": 1998-11-06T11:37:47.839Z,
    },
    {
      "durationYears": 11,
      "endDate": 2019-11-06T17:37:47.839Z,
      "kalachakraType": "Savya",
      "lord": "Mercury",
      "sign": "Virgo",
      "signIndex": 5,
      "startDate": 2008-11-05T23:37:47.839Z,
    },
    {
      "durationYears": 12,
      "endDate": 2031-11-06T17:37:47.839Z,
      "kalachakraType": "Savya",
      "lord": "Venus",
      "sign": "Libra",
      "signIndex": 6,
      "startDate": 2019-11-06T17:37:47.839Z,
    },
    {
      "durationYears": 13,
      "endDate": 2044-11-05T23:37:47.839Z,
      "kalachakraType": "Savya",
      "lord": "Mars",
      "sign": "Scorpio",
      "signIndex": 7,
      "startDate": 2031-11-06T17:37:47.839Z,
    },
    {
      "durationYears": 14,
      "endDate": 2058-11-06T11:37:47.839Z,
      "kalachakraType": "Savya",
      "lord": "Jupiter",
      "sign": "Sagittarius",
      "signIndex": 8,
      "startDate": 2044-11-05T23:37:47.839Z,
    },
    {
      "durationYears": 15,
      "endDate": 2073-11-06T05:37:47.839Z,
      "kalachakraType": "Savya",
      "lord": "Saturn",
      "sign": "Capricorn",
      "signIndex": 9,
      "startDate": 2058-11-06T11:37:47.839Z,
    },
    {
      "durationYears": 16,
      "endDate": 2089-11-06T05:37:47.839Z,
      "kalachakraType": "Savya",
      "lord": "Saturn",
      "sign": "Aquarius",
      "signIndex": 10,
      "startDate": 2073-11-06T05:37:47.839Z,
    },
    {
      "durationYears": 17,
      "endDate": 2106-11-07T11:37:47.839Z,
      "kalachakraType": "Savya",
      "lord": "Jupiter",
      "sign": "Pisces",
      "signIndex": 11,
      "startDate": 2089-11-06T05:37:47.839Z,
    },
    {
      "durationYears": 18,
      "endDate": 2124-11-06T23:37:47.839Z,
      "kalachakraType": "Savya",
      "lord": "Mars",
      "sign": "Aries",
      "signIndex": 0,
      "startDate": 2106-11-07T11:37:47.839Z,
    },
  ],
  "lifecycleShifts": [],
  "moonNakshatra": "Mrigashirsha",
  "nadiData": {
    "ascendant": {
      "degree": 7.228532333460752,
      "deity": "Unknown",
      "index": 67,
      "karmicSignificance": "Spiritual evolution path",
      "nadiName": "Nadi 129.5",
      "phala": "General",
      "sign": "Pisces",
      "timeResolution": 4.8,
      "totalLongitude": 343.2481902155564,
    },
    "jupiter": {
      "degree": 2.6565413302525127,
      "deity": "Mojave",
      "index": 84,
      "karmicSignificance": "Career/Dharma focus",
      "nadiName": "Nadi 117",
      "phala": "Revolutionary",
      "sign": "Leo",
      "timeResolution": 4.8,
      "totalLongitude": 136.61771027553502,
    },
    "ketu": {
      "degree": 7.374867225844866,
      "deity": "Rio Grande",
      "index": 35,
      "karmicSignificance": "Relationship karma",
      "nadiName": "Nadi 91",
      "phala": "Royal birth",
      "sign": "Aquarius",
      "timeResolution": 4.8,
      "totalLongitude": 306.84916578150563,
    },
    "mars": {
      "degree": 6.312447717584008,
      "deity": "Yukon",
      "index": 103,
      "karmicSignificance": "Relationship karma",
      "nadiName": "Nadi 98",
      "phala": "Healer",
      "sign": "Leo",
      "timeResolution": 4.8,
      "totalLongitude": 140.4420829847839,
    },
    "mercury": {
      "degree": 29.040860825735667,
      "deity": "Gandaki",
      "index": 24,
      "karmicSignificance": "Family lineage karma",
      "nadiName": "Nadi 49",
      "phala": "Ruler",
      "sign": "Sagittarius",
      "timeResolution": 4.8,
      "totalLongitude": 244.79360573883824,
    },
    "moon": {
      "degree": 21.802419884497557,
      "deity": "Santa Cruz",
      "index": 16,
      "karmicSignificance": "Career/Dharma focus",
      "nadiName": "Nadi 116",
      "phala": "Reformer",
      "sign": "Gemini",
      "timeResolution": 4.8,
      "totalLongitude": 63.14534946589665,
    },
    "rahu": {
      "degree": 7.374867225846998,
      "deity": "Hanuman",
      "index": 35,
      "karmicSignificance": "Past life karma dominant",
      "nadiName": "Nadi 16",
      "phala": "Artist",
      "sign": "Leo",
      "timeResolution": 4.8,
      "totalLongitude": 126.84916578150565,
    },
    "saturn": {
      "degree": 2.150004052851642,
      "deity": "Unknown",
      "index": 18,
      "karmicSignificance": "Past life karma dominant",
      "nadiName": "Nadi 5.5",
      "phala": "General",
      "sign": "Virgo",
      "timeResolution": 4.8,
      "totalLongitude": 153.41433336035234,
    },
    "sun": {
      "degree": 2.2179236485548923,
      "deity": "Mobile",
      "index": 83,
      "karmicSignificance": "Career/Dharma focus",
      "nadiName": "Nadi 108",
      "phala": "Farmer",
      "sign": "Sagittarius",
      "timeResolution": 4.8,
      "totalLongitude": 256.41478615765703,
    },
    "venus": {
      "degree": 23.256158798198918,
      "deity": "Unknown",
      "index": 91,
      "karmicSignificance": "Present life creation",
      "nadiName": "Nadi 53.5",
      "phala": "General",
      "sign": "Capricorn",
      "timeResolution": 4.8,
      "totalLongitude": 288.15504105865466,
    },
  },
  "offsetMinutes": 0,
  "pakshiAnalysis": {
    "activityStrengths": [
      "communication",
      "travel",
      "messaging",
      "social work",
    ],
    "activityWeaknesses": [
      "deep study",
      "isolation",
      "slow processes",
    ],
    "birdStrength": "moderate",
    "birthTimeQuality": "Moderate birth time quality. Crow provides average influence. May need effort in communication.",
    "personalityTraits": [
      "clever",
      "adaptable",
      "communicative",
      "mystical",
      "communication skills",
      "adaptability",
      "mysticism",
    ],
    "rulingBird": {
      "dominantActivities": [
        "communication",
        "travel",
        "messaging",
        "social work",
      ],
      "element": "Fire",
      "name": "Crow",
      "qualities": [
        "clever",
        "adaptable",
        "communicative",
        "mystical",
      ],
      "rulingHours": [
        2,
        7,
        12,
        17,
        22,
      ],
      "sanskritName": "Kaka",
      "weakActivities": [
        "deep study",
        "isolation",
        "slow processes",
      ],
    },
    "secondaryBird": null,
    "verificationNotes": "Pakshi: Crow (Kaka) ruling at birth time. ⚠ Bird element (Fire) differs from Lagna (Water) - Verify. Pakshi analysis suggests verifying birth time ±10-15 minutes.",
  },
  "panchanga": {
    "karana": {
      "name": "Karana 28",
      "number": 28,
    },
    "tithi": {
      "name": "Chaturdashi",
      "number": 14,
      "percentage": 89.42136090199688,
    },
    "weekday": "Tuesday",
    "yoga": {
      "name": "Shukla",
      "number": 24,
      "percentage": 96.70101717665236,
    },
  },
  "planets": {
    "jupiter": {
      "aspects": [],
      "avastha": "Yuva",
      "bav": null,
      "compoundDignity": "Neutral",
      "d60Deity": "Ghora",
      "degree": "16.6177°",
      "dignity": "Friendly",
      "functionalNature": {
        "reason": "General placement",
        "role": "Neutral",
      },
      "house": 6,
      "isCombust": false,
      "isRetro": true,
      "ishtaKashtaPhala": {
        "ishta": 20,
        "kashta": 10,
      },
      "nakshatra": "Purva Phalguni",
      "shadbala": null,
      "shadbalaBreakdown": undefined,
      "sign": "Leo",
      "speed": -0.01827528786687759,
    },
    "ketu": {
      "aspects": [],
      "avastha": "Kumara",
      "bav": null,
      "compoundDignity": "Neutral",
      "d60Deity": "Marutwan",
      "degree": "6.8492°",
      "dignity": "Friendly",
      "functionalNature": {
        "reason": "General placement",
        "role": "Neutral",
      },
      "house": 12,
      "isCombust": false,
      "isRetro": true,
      "ishtaKashtaPhala": {
        "ishta": 20,
        "kashta": 10,
      },
      "nakshatra": "Shatabhisha",
      "shadbala": null,
      "shadbalaBreakdown": undefined,
      "sign": "Aquarius",
      "speed": -0.15596122241435362,
    },
    "mars": {
      "aspects": [],
      "avastha": "Vriddha",
      "bav": null,
      "compoundDignity": "Neutral",
      "d60Deity": "Kaala",
      "degree": "20.4421°",
      "dignity": "Friendly",
      "functionalNature": {
        "reason": "General placement",
        "role": "Neutral",
      },
      "house": 6,
      "isCombust": false,
      "isRetro": false,
      "ishtaKashtaPhala": {
        "ishta": 20,
        "kashta": 10,
      },
      "nakshatra": "Purva Phalguni",
      "shadbala": null,
      "shadbalaBreakdown": undefined,
      "sign": "Leo",
      "speed": 0.16995751487064378,
    },
    "mercury": {
      "aspects": [],
      "avastha": "Bala",
      "bav": null,
      "compoundDignity": "Neutral",
      "d60Deity": "Vahni",
      "degree": "4.7936°",
      "dignity": "Enemy",
      "functionalNature": {
        "reason": "General placement",
        "role": "Neutral",
      },
      "house": 10,
      "isCombust": true,
      "isRetro": false,
      "ishtaKashtaPhala": {
        "ishta": 20,
        "kashta": 10,
      },
      "nakshatra": "Mula",
      "shadbala": null,
      "shadbalaBreakdown": undefined,
      "sign": "Sagittarius",
      "speed": 1.5285273612051056,
    },
    "moon": {
      "aspects": [],
      "avastha": "Bala",
      "bav": null,
      "compoundDignity": "Neutral",
      "d60Deity": "Bhrashta",
      "degree": "3.1453°",
      "dignity": "Enemy",
      "functionalNature": {
        "reason": "General placement",
        "role": "Neutral",
      },
      "house": 4,
      "isCombust": false,
      "isRetro": false,
      "ishtaKashtaPhala": {
        "ishta": 20,
        "kashta": 10,
      },
      "nakshatra": "Mrigashirsha",
      "shadbala": null,
      "shadbalaBreakdown": undefined,
      "sign": "Gemini",
      "speed": 13.152148132399294,
    },
    "rahu": {
      "aspects": [],
      "avastha": "Kumara",
      "bav": null,
      "compoundDignity": "Neutral",
      "d60Deity": "Marutwan",
      "degree": "6.8492°",
      "dignity": "Enemy",
      "functionalNature": {
        "reason": "General placement",
        "role": "Neutral",
      },
      "house": 6,
      "isCombust": false,
      "isRetro": true,
      "ishtaKashtaPhala": {
        "ishta": 20,
        "kashta": 10,
      },
      "nakshatra": "Magha",
      "shadbala": null,
      "shadbalaBreakdown": undefined,
      "sign": "Leo",
      "speed": -0.15596122241435362,
    },
    "saturn": {
      "aspects": [],
      "avastha": "Bala",
      "bav": null,
      "compoundDignity": "Neutral",
      "d60Deity": "Bhrashta",
      "degree": "3.4143°",
      "dignity": "Friendly",
      "functionalNature": {
        "reason": "General placement",
        "role": "Neutral",
      },
      "house": 7,
      "isCombust": false,
      "isRetro": false,
      "ishtaKashtaPhala": {
        "ishta": 20,
        "kashta": 10,
      },
      "nakshatra": "Uttara Phalguni",
      "shadbala": null,
      "shadbalaBreakdown": undefined,
      "sign": "Virgo",
      "speed": 0.010334487833588485,
    },
    "sun": {
      "aspects": [],
      "avastha": "Yuva",
      "bav": null,
      "compoundDignity": "Neutral",
      "d60Deity": "Davagni",
      "degree": "16.4148°",
      "dignity": "Friendly",
      "functionalNature": {
        "reason": "General placement",
        "role": "Neutral",
      },
      "house": 10,
      "isCombust": false,
      "isRetro": false,
      "ishtaKashtaPhala": {
        "ishta": 20,
        "kashta": 10,
      },
      "nakshatra": "Purva Ashadha",
      "shadbala": null,
      "shadbalaBreakdown": undefined,
      "sign": "Sagittarius",
      "speed": 1.018850831072152,
    },
    "venus": {
      "aspects": [],
      "avastha": "Vriddha",
      "bav": null,
      "compoundDignity": "Neutral",
      "d60Deity": "Vishadagdha",
      "degree": "18.1550°",
      "dignity": "Friendly",
      "functionalNature": {
        "reason": "General placement",
        "role": "Neutral",
      },
      "house": 11,
      "isCombust": false,
      "isRetro": false,
      "ishtaKashtaPhala": {
        "ishta": 20,
        "kashta": 10,
      },
      "nakshatra": "Shravana",
      "shadbala": null,
      "shadbalaBreakdown": undefined,
      "sign": "Capricorn",
      "speed": 1.2326134877327988,
    },
  },
  "rawVimshottari": [],
  "sandhiZones": [],
  "shadbalaSummary": {
    "averageStrength": 187,
    "benifics": {
      "strong": [
        "jupiter",
        "venus",
        "moon",
        "mercury",
      ],
      "weak": [],
    },
    "malefics": {
      "strong": [
        "saturn",
        "mars",
        "sun",
      ],
      "weak": [],
    },
    "planets": {
      "jupiter": {
        "breakdown": {
          "chesthaBala": 50,
          "digBala": 10,
          "drigBala": 30,
          "kalaBala": 40,
          "naisargikaBala": 34,
          "sthanaBala": 35,
        },
        "details": {
          "combustion": false,
          "directionalStrong": false,
          "enemy": false,
          "exaltation": false,
          "friend": false,
          "greatEnemy": false,
          "greatFriend": true,
          "moolatrikona": false,
          "neutral": false,
          "ownSign": false,
          "retrograde": true,
        },
        "planet": "jupiter",
        "strength": "excellent",
        "total": 199.29,
        "totalRupas": 3.32,
      },
      "mars": {
        "breakdown": {
          "chesthaBala": 20,
          "digBala": 20,
          "drigBala": 30,
          "kalaBala": 25,
          "naisargikaBala": 17,
          "sthanaBala": 25,
        },
        "details": {
          "combustion": false,
          "directionalStrong": false,
          "enemy": false,
          "exaltation": false,
          "friend": false,
          "greatEnemy": false,
          "greatFriend": true,
          "moolatrikona": false,
          "neutral": false,
          "ownSign": false,
          "retrograde": false,
        },
        "planet": "mars",
        "strength": "excellent",
        "total": 137.14,
        "totalRupas": 2.29,
      },
      "mercury": {
        "breakdown": {
          "chesthaBala": 30,
          "digBala": 30,
          "drigBala": 27,
          "kalaBala": 25,
          "naisargikaBala": 26,
          "sthanaBala": 5,
        },
        "details": {
          "combustion": true,
          "directionalStrong": false,
          "enemy": false,
          "exaltation": false,
          "friend": false,
          "greatEnemy": false,
          "greatFriend": false,
          "moolatrikona": false,
          "neutral": true,
          "ownSign": false,
          "retrograde": false,
        },
        "planet": "mercury",
        "strength": "excellent",
        "total": 142.71,
        "totalRupas": 2.38,
      },
      "moon": {
        "breakdown": {
          "chesthaBala": 40,
          "digBala": 60,
          "drigBala": 29,
          "kalaBala": 25,
          "naisargikaBala": 51,
          "sthanaBala": 10,
        },
        "details": {
          "combustion": false,
          "directionalStrong": true,
          "enemy": false,
          "exaltation": false,
          "friend": true,
          "greatEnemy": false,
          "greatFriend": false,
          "moolatrikona": false,
          "neutral": false,
          "ownSign": false,
          "retrograde": false,
        },
        "planet": "moon",
        "strength": "excellent",
        "total": 214.93,
        "totalRupas": 3.58,
      },
      "saturn": {
        "breakdown": {
          "chesthaBala": 20,
          "digBala": 60,
          "drigBala": 30,
          "kalaBala": 35,
          "naisargikaBala": 9,
          "sthanaBala": 10,
        },
        "details": {
          "combustion": false,
          "directionalStrong": true,
          "enemy": false,
          "exaltation": false,
          "friend": true,
          "greatEnemy": false,
          "greatFriend": false,
          "moolatrikona": false,
          "neutral": false,
          "ownSign": false,
          "retrograde": false,
        },
        "planet": "saturn",
        "strength": "excellent",
        "total": 163.57,
        "totalRupas": 2.73,
      },
      "sun": {
        "breakdown": {
          "chesthaBala": 40,
          "digBala": 60,
          "drigBala": 27,
          "kalaBala": 40,
          "naisargikaBala": 60,
          "sthanaBala": 35,
        },
        "details": {
          "combustion": false,
          "directionalStrong": true,
          "enemy": false,
          "exaltation": false,
          "friend": false,
          "greatEnemy": false,
          "greatFriend": true,
          "moolatrikona": false,
          "neutral": false,
          "ownSign": false,
          "retrograde": false,
        },
        "planet": "sun",
        "strength": "excellent",
        "total": 262,
        "totalRupas": 4.37,
      },
      "venus": {
        "breakdown": {
          "chesthaBala": 40,
          "digBala": 10,
          "drigBala": 32,
          "kalaBala": 40,
          "naisargikaBala": 43,
          "sthanaBala": 25,
        },
        "details": {
          "combustion": false,
          "directionalStrong": false,
          "enemy": false,
          "exaltation": false,
          "friend": false,
          "greatEnemy": false,
          "greatFriend": true,
          "moolatrikona": false,
          "neutral": false,
          "ownSign": false,
          "retrograde": false,
        },
        "planet": "venus",
        "strength": "excellent",
        "total": 190.11,
        "totalRupas": 3.17,
      },
    },
    "strongestPlanet": "sun",
    "weakestPlanet": "mars",
  },
  "specialPoints": {
    "AL": {
      "degree": "0.00°",
      "house": 10,
      "sign": "Sagittarius",
    },
    "BB": {
      "degree": "5.00°",
      "house": 0,
      "sign": "Cancer",
    },
    "UL": {
      "degree": "0.00°",
      "house": 1,
      "sign": "Unknown",
    },
  },
  "spouseMatch": undefined,
  "time": "12:00:00",
  "vargaDegrees": {
    "D10": {
      "Ascendant": "Pisces 12.48°",
      "Jupiter": "Capricorn 16.18°",
      "Ketu": "Aries 8.49°",
      "Mars": "Aquarius 24.42°",
      "Mercury": "Capricorn 17.94°",
      "Moon": "Cancer 1.45°",
      "Rahu": "Libra 8.49°",
      "Saturn": "Gemini 4.14°",
      "Sun": "Taurus 14.15°",
      "Venus": "Pisces 1.55°",
    },
    "D150": {
      "Ascendant": "Gemini 7.23°",
      "Jupiter": "Taurus 2.66°",
      "Ketu": "Gemini 7.37°",
      "Mars": "Libra 6.31°",
      "Mercury": "Scorpio 29.04°",
      "Moon": "Pisces 21.80°",
      "Rahu": "Gemini 7.37°",
      "Saturn": "Taurus 2.15°",
      "Sun": "Libra 2.22°",
      "Venus": "Cancer 23.26°",
    },
    "D60": {
      "Ascendant": "Taurus 14.89°",
      "Jupiter": "Taurus 7.06°",
      "Ketu": "Pisces 20.95°",
      "Mars": "Sagittarius 26.52°",
      "Mercury": "Virgo 17.62°",
      "Moon": "Sagittarius 8.72°",
      "Rahu": "Virgo 20.95°",
      "Saturn": "Pisces 24.86°",
      "Sun": "Leo 24.89°",
      "Venus": "Capricorn 9.30°",
    },
    "D9": {
      "Ascendant": "Libra 29.23°",
      "Jupiter": "Leo 29.56°",
      "Ketu": "Sagittarius 1.64°",
      "Mars": "Libra 3.98°",
      "Mercury": "Taurus 13.14°",
      "Moon": "Libra 28.31°",
      "Rahu": "Gemini 1.64°",
      "Saturn": "Aquarius 0.73°",
      "Sun": "Leo 27.73°",
      "Venus": "Gemini 13.40°",
    },
  },
  "vedicSignals": {
    "charaKarakas": [
      {
        "degree": 20.442082984783895,
        "karakaName": "Atmakaraka",
        "planet": "mars",
        "sign": "Leo",
      },
      {
        "degree": 18.15504105865466,
        "karakaName": "Amatyakaraka",
        "planet": "venus",
        "sign": "Capricorn",
      },
      {
        "degree": 16.617710275535018,
        "karakaName": "Bhratrikaraka",
        "planet": "jupiter",
        "sign": "Leo",
      },
      {
        "degree": 16.414786157657034,
        "karakaName": "Matrikaraka",
        "planet": "sun",
        "sign": "Sagittarius",
      },
      {
        "degree": 4.793605738838238,
        "karakaName": "Putrakaraka",
        "planet": "mercury",
        "sign": "Sagittarius",
      },
      {
        "degree": 3.4143333603523445,
        "karakaName": "Gnatikaraka",
        "planet": "saturn",
        "sign": "Virgo",
      },
      {
        "degree": 3.1453494658966505,
        "karakaName": "Darakaraka",
        "planet": "moon",
        "sign": "Gemini",
      },
    ],
    "kundaLagna": {
      "degree": 23.10340746006841,
      "matchesMoon": false,
      "sign": "Gemini",
    },
    "parivartana": [
      {
        "houses": [
          6,
          10,
        ],
        "planets": [
          "Sun",
          "Jupiter",
        ],
      },
    ],
    "pushkar": [
      "MOON",
      "MERCURY",
      "MARS",
      "KETU",
    ],
    "tatwa": {
      "element": "Fire",
      "isAuspicious": true,
      "name": "Tejas",
    },
    "vargottama": [
      "JUPITER",
    ],
  },
  "vimshottariDasha": [
    {
      "antar": "Venus",
      "maha": "Mars",
      "prana": "?",
      "pratyantar": "?",
      "startEnd": "1980-01-01 to 1981-11-06",
      "sukshma": "?",
    },
  ],
  "vimsopakaBala": {
    "total": 0,
  },
  "yogas": [],
}
`;
