// Vitest Snapshot v1, https://vitest.dev/guide/snapshot.html

exports[`Data Package Builder - Snapshot Testing > should match the master data package snapshot 1`] = `
{
  "ascendant": {
    "degree": "21° 52' 03"",
    "longitude": 231.86758003332358,
    "nakshatra": "Jyeshtha",
    "sign": "Scorpio",
  },
  "ashtakavarga": {
    "aquarius": 24,
    "aries": 36,
    "cancer": 28,
    "capricorn": 32,
    "gemini": 28,
    "leo": 33,
    "libra": 25,
    "pisces": 28,
    "sagittarius": 22,
    "scorpio": 28,
    "taurus": 24,
    "virgo": 29,
  },
  "chalitDiscrepancies": [],
  "d10Lagna": "Aquarius",
  "d150Sign": "Pisces",
  "d60Planets": {
    "Jupiter": {
      "degree": "16° 50' 31"",
      "deity": "Ghora",
      "sign": "Pisces",
    },
    "Ketu": {
      "degree": "18° 48' 16"",
      "deity": "Kulanas",
      "sign": "Gemini",
    },
    "Mars": {
      "degree": "10° 57' 46"",
      "deity": "Brahma",
      "sign": "Libra",
    },
    "Mercury": {
      "degree": "12° 27' 10"",
      "deity": "Deva",
      "sign": "Taurus",
    },
    "Moon": {
      "degree": "6° 50' 23"",
      "deity": "Marutwan",
      "sign": "Sagittarius",
    },
    "Rahu": {
      "degree": "18° 48' 16"",
      "deity": "Kulanas",
      "sign": "Sagittarius",
    },
    "Saturn": {
      "degree": "4° 35' 13"",
      "deity": "Vahni",
      "sign": "Aries",
    },
    "Sun": {
      "degree": "25° 49' 38"",
      "deity": "Ashubha",
      "sign": "Leo",
    },
    "Venus": {
      "degree": "28° 44' 04"",
      "deity": "Ghora",
      "sign": "Scorpio",
    },
  },
  "d60Sign": "Gemini",
  "d9Lagna": "Capricorn",
  "gandantaAnalysis": {
    "distanceToGandanta": Infinity,
    "interpretation": "Birth time is clear of Gandanta zones. No special karmic sensitivity detected.",
    "isLagnaGandanta": false,
    "isMoonGandanta": false,
    "lagnaGandantaType": null,
    "moonGandantaType": null,
    "recommendations": [
      "No Gandanta-specific recommendations needed.",
    ],
    "severity": "none",
  },
  "houseLords": {
    "1": "Mars",
    "10": "Sun",
    "11": "Mercury",
    "12": "Venus",
    "2": "Jupiter",
    "3": "Saturn",
    "4": "Saturn",
    "5": "Jupiter",
    "6": "Mars",
    "7": "Venus",
    "8": "Mercury",
    "9": "Moon",
  },
  "ishtaKashtaPhala": {
    "Jupiter": {
      "ishta": 20,
      "kashta": 10,
    },
    "Ketu": {
      "ishta": 20,
      "kashta": 10,
    },
    "Mars": {
      "ishta": 20,
      "kashta": 10,
    },
    "Mercury": {
      "ishta": 20,
      "kashta": 10,
    },
    "Moon": {
      "ishta": 20,
      "kashta": 10,
    },
    "Rahu": {
      "ishta": 20,
      "kashta": 10,
    },
    "Saturn": {
      "ishta": 20,
      "kashta": 10,
    },
    "Sun": {
      "ishta": 20,
      "kashta": 10,
    },
    "Venus": {
      "ishta": 20,
      "kashta": 10,
    },
  },
  "kalachakraDasha": [
    {
      "durationYears": 1.8651528949318172,
      "endDate": 1981-11-12T05:55:48.997Z,
      "kalachakraType": "Savya",
      "lord": "Venus",
      "sign": "Taurus",
      "signIndex": 1,
      "startDate": 1980-01-01T00:00:00.000Z,
    },
    {
      "durationYears": 8,
      "endDate": 1989-11-12T05:55:48.997Z,
      "kalachakraType": "Savya",
      "lord": "Mercury",
      "sign": "Gemini",
      "signIndex": 2,
      "startDate": 1981-11-12T05:55:48.997Z,
    },
    {
      "durationYears": 9,
      "endDate": 1998-11-12T11:55:48.997Z,
      "kalachakraType": "Savya",
      "lord": "Moon",
      "sign": "Cancer",
      "signIndex": 3,
      "startDate": 1989-11-12T05:55:48.997Z,
    },
    {
      "durationYears": 10,
      "endDate": 2008-11-11T23:55:48.997Z,
      "kalachakraType": "Savya",
      "lord": "Sun",
      "sign": "Leo",
      "signIndex": 4,
      "startDate": 1998-11-12T11:55:48.997Z,
    },
    {
      "durationYears": 11,
      "endDate": 2019-11-12T17:55:48.997Z,
      "kalachakraType": "Savya",
      "lord": "Mercury",
      "sign": "Virgo",
      "signIndex": 5,
      "startDate": 2008-11-11T23:55:48.997Z,
    },
    {
      "durationYears": 12,
      "endDate": 2031-11-12T17:55:48.997Z,
      "kalachakraType": "Savya",
      "lord": "Venus",
      "sign": "Libra",
      "signIndex": 6,
      "startDate": 2019-11-12T17:55:48.997Z,
    },
    {
      "durationYears": 13,
      "endDate": 2044-11-11T23:55:48.997Z,
      "kalachakraType": "Savya",
      "lord": "Mars",
      "sign": "Scorpio",
      "signIndex": 7,
      "startDate": 2031-11-12T17:55:48.997Z,
    },
    {
      "durationYears": 14,
      "endDate": 2058-11-12T11:55:48.997Z,
      "kalachakraType": "Savya",
      "lord": "Jupiter",
      "sign": "Sagittarius",
      "signIndex": 8,
      "startDate": 2044-11-11T23:55:48.997Z,
    },
    {
      "durationYears": 15,
      "endDate": 2073-11-12T05:55:48.997Z,
      "kalachakraType": "Savya",
      "lord": "Saturn",
      "sign": "Capricorn",
      "signIndex": 9,
      "startDate": 2058-11-12T11:55:48.997Z,
    },
    {
      "durationYears": 16,
      "endDate": 2089-11-12T05:55:48.997Z,
      "kalachakraType": "Savya",
      "lord": "Saturn",
      "sign": "Aquarius",
      "signIndex": 10,
      "startDate": 2073-11-12T05:55:48.997Z,
    },
    {
      "durationYears": 17,
      "endDate": 2106-11-13T11:55:48.997Z,
      "kalachakraType": "Savya",
      "lord": "Jupiter",
      "sign": "Pisces",
      "signIndex": 11,
      "startDate": 2089-11-12T05:55:48.997Z,
    },
    {
      "durationYears": 18,
      "endDate": 2124-11-12T23:55:48.997Z,
      "kalachakraType": "Savya",
      "lord": "Mars",
      "sign": "Aries",
      "signIndex": 0,
      "startDate": 2106-11-13T11:55:48.997Z,
    },
  ],
  "kpData": {
    "cuspalSubLords": {
      "1": {
        "cusp": 210,
        "house": 1,
        "sign": "Scorpio",
        "starLord": "Jupiter",
        "subLord": "Moon",
        "subSubLord": "Saturn",
      },
      "10": {
        "cusp": 120,
        "house": 10,
        "sign": "Leo",
        "starLord": "Ketu",
        "subLord": "Mercury",
        "subSubLord": "Saturn",
      },
      "11": {
        "cusp": 150,
        "house": 11,
        "sign": "Virgo",
        "starLord": "Sun",
        "subLord": "Rahu",
        "subSubLord": "Saturn",
      },
      "12": {
        "cusp": 180,
        "house": 12,
        "sign": "Libra",
        "starLord": "Mars",
        "subLord": "Saturn",
        "subSubLord": "Jupiter",
      },
      "2": {
        "cusp": 240,
        "house": 2,
        "sign": "Sagittarius",
        "starLord": "Ketu",
        "subLord": "Mercury",
        "subSubLord": "Saturn",
      },
      "3": {
        "cusp": 270,
        "house": 3,
        "sign": "Capricorn",
        "starLord": "Sun",
        "subLord": "Rahu",
        "subSubLord": "Saturn",
      },
      "4": {
        "cusp": 300,
        "house": 4,
        "sign": "Aquarius",
        "starLord": "Mars",
        "subLord": "Saturn",
        "subSubLord": "Jupiter",
      },
      "5": {
        "cusp": 330,
        "house": 5,
        "sign": "Pisces",
        "starLord": "Jupiter",
        "subLord": "Moon",
        "subSubLord": "Saturn",
      },
      "6": {
        "cusp": 0,
        "house": 6,
        "sign": "Aries",
        "starLord": "Ketu",
        "subLord": "Ketu",
        "subSubLord": "Ketu",
      },
      "7": {
        "cusp": 30,
        "house": 7,
        "sign": "Taurus",
        "starLord": "Sun",
        "subLord": "Rahu",
        "subSubLord": "Saturn",
      },
      "8": {
        "cusp": 60,
        "house": 8,
        "sign": "Gemini",
        "starLord": "Mars",
        "subLord": "Saturn",
        "subSubLord": "Jupiter",
      },
      "9": {
        "cusp": 90,
        "house": 9,
        "sign": "Cancer",
        "starLord": "Jupiter",
        "subLord": "Moon",
        "subSubLord": "Saturn",
      },
    },
    "planetSubLords": {
      "jupiter": {
        "starLord": "Ketu",
        "subLord": "Moon",
        "subSubLord": "Mars",
        "subSubSubLord": "Jupiter",
      },
      "ketu": {
        "starLord": "Rahu",
        "subLord": "Rahu",
        "subSubLord": "Sun",
        "subSubSubLord": "Rahu",
      },
      "mars": {
        "starLord": "Saturn",
        "subLord": "Rahu",
        "subSubLord": "Saturn",
        "subSubSubLord": "Rahu",
      },
      "mercury": {
        "starLord": "Jupiter",
        "subLord": "Rahu",
        "subSubLord": "Moon",
        "subSubSubLord": "Venus",
      },
      "moon": {
        "starLord": "Mars",
        "subLord": "Venus",
        "subSubLord": "Sun",
        "subSubSubLord": "Mercury",
      },
      "rahu": {
        "starLord": "Ketu",
        "subLord": "Jupiter",
        "subSubLord": "Mercury",
        "subSubSubLord": "Saturn",
      },
      "saturn": {
        "starLord": "Venus",
        "subLord": "Saturn",
        "subSubLord": "Saturn",
        "subSubSubLord": "Sun",
      },
      "sun": {
        "starLord": "Venus",
        "subLord": "Moon",
        "subSubLord": "Rahu",
        "subSubSubLord": "Saturn",
      },
      "venus": {
        "starLord": "Saturn",
        "subLord": "Saturn",
        "subSubLord": "Sun",
        "subSubSubLord": "Jupiter",
      },
    },
  },
  "lifecycleShifts": [],
  "moonNakshatra": "Mrigashirsha",
  "nadiData": {
    "ascendant": {
      "degree": 10.137004998527921,
      "deity": "Tapti",
      "index": 41,
      "indexWithinSign": 110,
      "kala": "Kshatriya",
      "karmicSignificance": "Family lineage karma",
      "nadiMode": "fixed",
      "nadiName": "Nadi 41",
      "phala": "Administrator",
      "sign": "Scorpio",
      "timeResolution": 48,
      "totalLongitude": 231.86758003332352,
    },
    "jupiter": {
      "degree": 27.10510694582011,
      "deity": "Animas",
      "index": 132,
      "indexWithinSign": 19,
      "kala": "Sudra",
      "karmicSignificance": "Spiritual evolution path",
      "nadiMode": "fixed",
      "nadiName": "Nadi 132",
      "phala": "Scientist",
      "sign": "Leo",
      "timeResolution": 48,
      "totalLongitude": 123.78070071297213,
    },
    "ketu": {
      "degree": 17.01105522966584,
      "deity": "Pearl",
      "index": 109,
      "indexWithinSign": 42,
      "kala": "Vaisya",
      "karmicSignificance": "Career/Dharma focus",
      "nadiMode": "fixed",
      "nadiName": "Nadi 109",
      "phala": "Ruler",
      "sign": "Aquarius",
      "timeResolution": 48,
      "totalLongitude": 308.31340703486444,
    },
    "mars": {
      "degree": 12.407212593356931,
      "deity": "Volga",
      "index": 69,
      "indexWithinSign": 69,
      "kala": "Kshatriya",
      "karmicSignificance": "Present life creation",
      "nadiMode": "movable",
      "nadiName": "Nadi 69",
      "phala": "Teacher",
      "sign": "Cancer",
      "timeResolution": 48,
      "totalLongitude": 103.68271475062238,
    },
    "mercury": {
      "degree": 1.132162429093997,
      "deity": "Los Pinos",
      "index": 134,
      "indexWithinSign": 17,
      "kala": "Vipra",
      "karmicSignificance": "Spiritual evolution path",
      "nadiMode": "fixed",
      "nadiName": "Nadi 134",
      "phala": "Poet",
      "sign": "Scorpio",
      "timeResolution": 48,
      "totalLongitude": 213.2075477495273,
    },
    "moon": {
      "degree": 17.099172876623925,
      "deity": "Rio Grande",
      "index": 91,
      "indexWithinSign": 16,
      "kala": "Vaisya",
      "karmicSignificance": "Relationship karma",
      "nadiMode": "dual",
      "nadiName": "Nadi 91",
      "phala": "Royal birth",
      "sign": "Gemini",
      "timeResolution": 48,
      "totalLongitude": 63.11399448584416,
    },
    "rahu": {
      "degree": 17.011055229674366,
      "deity": "Pearl",
      "index": 109,
      "indexWithinSign": 42,
      "kala": "Vaisya",
      "karmicSignificance": "Career/Dharma focus",
      "nadiMode": "fixed",
      "nadiName": "Nadi 109",
      "phala": "Ruler",
      "sign": "Leo",
      "timeResolution": 48,
      "totalLongitude": 128.3134070348645,
    },
    "saturn": {
      "degree": 11.46742043198401,
      "deity": "Mahanadi",
      "index": 40,
      "indexWithinSign": 111,
      "kala": "Kshatriya",
      "karmicSignificance": "Family lineage karma",
      "nadiMode": "fixed",
      "nadiName": "Nadi 40",
      "phala": "Leader",
      "sign": "Leo",
      "timeResolution": 48,
      "totalLongitude": 142.07644946954656,
    },
    "sun": {
      "degree": 4.568238271840208,
      "deity": "Varuna",
      "index": 8,
      "indexWithinSign": 83,
      "kala": "Vipra",
      "karmicSignificance": "Past life karma dominant",
      "nadiMode": "dual",
      "nadiName": "Nadi 8",
      "phala": "Healer",
      "sign": "Sagittarius",
      "timeResolution": 48,
      "totalLongitude": 256.43045492181227,
    },
    "venus": {
      "degree": 11.836195443302078,
      "deity": "Yukon",
      "index": 98,
      "indexWithinSign": 23,
      "kala": "Kshatriya",
      "karmicSignificance": "Relationship karma",
      "nadiMode": "dual",
      "nadiName": "Nadi 98",
      "phala": "Healer",
      "sign": "Pisces",
      "timeResolution": 48,
      "totalLongitude": 334.478907969622,
    },
  },
  "offsetMinutes": 0,
  "pakshiAnalysis": {
    "activityStrengths": [
      "communication",
      "travel",
      "messaging",
      "social work",
    ],
    "activityWeaknesses": [
      "deep study",
      "isolation",
      "slow processes",
    ],
    "birdStrength": "moderate",
    "birthTimeQuality": "Moderate birth time quality. Crow provides average influence. May need effort in communication.",
    "personalityTraits": [
      "clever",
      "adaptable",
      "communicative",
      "mystical",
      "communication skills",
      "adaptability",
      "mysticism",
    ],
    "rulingBird": {
      "dominantActivities": [
        "communication",
        "travel",
        "messaging",
        "social work",
      ],
      "element": "Fire",
      "name": "Crow",
      "qualities": [
        "clever",
        "adaptable",
        "communicative",
        "mystical",
      ],
      "rulingHours": [
        2,
        7,
        12,
        17,
        22,
      ],
      "sanskritName": "Kaka",
      "weakActivities": [
        "deep study",
        "isolation",
        "slow processes",
      ],
    },
    "secondaryBird": null,
    "verificationNotes": "Pakshi: Crow (Kaka) ruling at birth time. ⚠ Bird element (Fire) differs from Lagna (Water) - Verify. Pakshi analysis suggests verifying birth time ±10-15 minutes.",
  },
  "panchanga": {
    "karana": {
      "name": "Karana 28",
      "number": 28,
    },
    "tithi": {
      "name": "Chaturdashi",
      "number": 14,
      "percentage": 89.02949636693242,
    },
    "weekday": "Tuesday",
    "yoga": {
      "name": "Shukla",
      "number": 24,
      "percentage": 96.58337055742312,
    },
  },
  "planets": {
    "jupiter": {
      "aspects": [],
      "avastha": "Bala",
      "bav": undefined,
      "compoundDignity": "Neutral",
      "d60Deity": "Kulaghna",
      "degree": "3° 46' 51"",
      "dignity": "Friendly",
      "functionalNature": {
        "reason": "General placement",
        "role": "Neutral",
      },
      "house": 10,
      "isCombust": false,
      "isRetro": false,
      "ishtaKashtaPhala": {
        "ishta": 20,
        "kashta": 10,
      },
      "longitude": 123.78070071297213,
      "nakshatra": "Magha",
      "shadbala": undefined,
      "shadbalaBreakdown": undefined,
      "sign": "Leo",
      "speed": 0.08305294541969488,
    },
    "ketu": {
      "aspects": [],
      "avastha": "Kumara",
      "bav": undefined,
      "compoundDignity": "Neutral",
      "d60Deity": "Amrita",
      "degree": "8° 18' 48"",
      "dignity": "Friendly",
      "functionalNature": {
        "reason": "General placement",
        "role": "Neutral",
      },
      "house": 4,
      "isCombust": false,
      "isRetro": true,
      "ishtaKashtaPhala": {
        "ishta": 20,
        "kashta": 10,
      },
      "longitude": 308.3134070348645,
      "nakshatra": "Shatabhisha",
      "shadbala": undefined,
      "shadbalaBreakdown": undefined,
      "sign": "Aquarius",
      "speed": -0.052992030039717974,
    },
    "mars": {
      "aspects": [],
      "avastha": "Yuva",
      "bav": undefined,
      "compoundDignity": "Neutral",
      "d60Deity": "Kshiteeshwar",
      "degree": "13° 40' 58"",
      "dignity": "Debilitated",
      "functionalNature": {
        "reason": "General placement",
        "role": "Neutral",
      },
      "house": 9,
      "isCombust": false,
      "isRetro": false,
      "ishtaKashtaPhala": {
        "ishta": 20,
        "kashta": 10,
      },
      "longitude": 103.68271475062238,
      "nakshatra": "Pushya",
      "shadbala": undefined,
      "shadbalaBreakdown": undefined,
      "sign": "Cancer",
      "speed": 0.5239945918719968,
    },
    "mercury": {
      "aspects": [],
      "avastha": "Bala",
      "bav": undefined,
      "compoundDignity": "Neutral",
      "d60Deity": "Bhrashta",
      "degree": "3° 12' 27"",
      "dignity": "Enemy",
      "functionalNature": {
        "reason": "General placement",
        "role": "Neutral",
      },
      "house": 1,
      "isCombust": false,
      "isRetro": false,
      "ishtaKashtaPhala": {
        "ishta": 20,
        "kashta": 10,
      },
      "longitude": 213.2075477495273,
      "nakshatra": "Vishakha",
      "shadbala": undefined,
      "shadbalaBreakdown": undefined,
      "sign": "Scorpio",
      "speed": 4.092300558513671,
    },
    "moon": {
      "aspects": [],
      "avastha": "Bala",
      "bav": undefined,
      "compoundDignity": "Neutral",
      "d60Deity": "Bhrashta",
      "degree": "3° 06' 50"",
      "dignity": "Enemy",
      "functionalNature": {
        "reason": "General placement",
        "role": "Neutral",
      },
      "house": 8,
      "isCombust": false,
      "isRetro": false,
      "ishtaKashtaPhala": {
        "ishta": 20,
        "kashta": 10,
      },
      "longitude": 63.11399448584416,
      "nakshatra": "Mrigashirsha",
      "shadbala": undefined,
      "shadbalaBreakdown": undefined,
      "sign": "Gemini",
      "speed": 13.2,
    },
    "rahu": {
      "aspects": [],
      "avastha": "Kumara",
      "bav": undefined,
      "compoundDignity": "Neutral",
      "d60Deity": "Amrita",
      "degree": "8° 18' 48"",
      "dignity": "Enemy",
      "functionalNature": {
        "reason": "General placement",
        "role": "Neutral",
      },
      "house": 10,
      "isCombust": false,
      "isRetro": true,
      "ishtaKashtaPhala": {
        "ishta": 20,
        "kashta": 10,
      },
      "longitude": 128.3134070348645,
      "nakshatra": "Magha",
      "shadbala": undefined,
      "shadbalaBreakdown": undefined,
      "sign": "Leo",
      "speed": -0.052992030039717974,
    },
    "saturn": {
      "aspects": [],
      "avastha": "Vriddha",
      "bav": undefined,
      "compoundDignity": "Neutral",
      "d60Deity": "Karaladamshtra",
      "degree": "22° 04' 35"",
      "dignity": "Enemy",
      "functionalNature": {
        "reason": "General placement",
        "role": "Neutral",
      },
      "house": 10,
      "isCombust": false,
      "isRetro": false,
      "ishtaKashtaPhala": {
        "ishta": 20,
        "kashta": 10,
      },
      "longitude": 142.07644946954656,
      "nakshatra": "Purva Phalguni",
      "shadbala": undefined,
      "shadbalaBreakdown": undefined,
      "sign": "Leo",
      "speed": 0.033421405377964675,
    },
    "sun": {
      "aspects": [],
      "avastha": "Yuva",
      "bav": undefined,
      "compoundDignity": "Neutral",
      "d60Deity": "Davagni",
      "degree": "16° 25' 50"",
      "dignity": "Friendly",
      "functionalNature": {
        "reason": "General placement",
        "role": "Neutral",
      },
      "house": 2,
      "isCombust": false,
      "isRetro": false,
      "ishtaKashtaPhala": {
        "ishta": 20,
        "kashta": 10,
      },
      "longitude": 256.43045492181227,
      "nakshatra": "Purva Ashadha",
      "shadbala": undefined,
      "shadbalaBreakdown": undefined,
      "sign": "Sagittarius",
      "speed": 1,
    },
    "venus": {
      "aspects": [],
      "avastha": "Bala",
      "bav": undefined,
      "compoundDignity": "Neutral",
      "d60Deity": "Garala",
      "degree": "4° 28' 44"",
      "dignity": "Exalted",
      "functionalNature": {
        "reason": "General placement",
        "role": "Neutral",
      },
      "house": 5,
      "isCombust": false,
      "isRetro": false,
      "ishtaKashtaPhala": {
        "ishta": 20,
        "kashta": 10,
      },
      "longitude": 334.478907969622,
      "nakshatra": "Uttara Bhadrapada",
      "shadbala": undefined,
      "shadbalaBreakdown": undefined,
      "sign": "Pisces",
      "speed": 1.6020922340430843,
    },
  },
  "rawVimshottari": [],
  "sandhiZones": [],
  "shadbalaSummary": {
    "averageStrength": 180,
    "benifics": {
      "strong": [
        "jupiter",
        "venus",
        "moon",
        "mercury",
      ],
      "weak": [],
    },
    "malefics": {
      "strong": [
        "saturn",
        "mars",
        "sun",
      ],
      "weak": [],
    },
    "planets": {
      "jupiter": {
        "breakdown": {
          "chesthaBala": 20,
          "digBala": 30,
          "drigBala": 30,
          "kalaBala": 25,
          "naisargikaBala": 34,
          "sthanaBala": 15,
        },
        "details": {
          "combustion": false,
          "directionalStrong": false,
          "enemy": false,
          "exaltation": false,
          "friend": false,
          "greatEnemy": false,
          "greatFriend": true,
          "moolatrikona": false,
          "neutral": false,
          "ownSign": false,
          "retrograde": false,
        },
        "planet": "jupiter",
        "strength": "excellent",
        "total": 154.29,
        "totalRupas": 2.57,
      },
      "mars": {
        "breakdown": {
          "chesthaBala": 30,
          "digBala": 50,
          "drigBala": 30,
          "kalaBala": 40,
          "naisargikaBala": 17,
          "sthanaBala": 15,
        },
        "details": {
          "combustion": false,
          "directionalStrong": false,
          "enemy": false,
          "exaltation": false,
          "friend": true,
          "greatEnemy": false,
          "greatFriend": false,
          "moolatrikona": false,
          "neutral": false,
          "ownSign": false,
          "retrograde": false,
        },
        "planet": "mars",
        "strength": "excellent",
        "total": 182.14,
        "totalRupas": 3.04,
      },
      "mercury": {
        "breakdown": {
          "chesthaBala": 40,
          "digBala": 60,
          "drigBala": 27,
          "kalaBala": 25,
          "naisargikaBala": 26,
          "sthanaBala": 5,
        },
        "details": {
          "combustion": false,
          "directionalStrong": true,
          "enemy": false,
          "exaltation": false,
          "friend": false,
          "greatEnemy": false,
          "greatFriend": false,
          "moolatrikona": false,
          "neutral": true,
          "ownSign": false,
          "retrograde": false,
        },
        "planet": "mercury",
        "strength": "excellent",
        "total": 182.71,
        "totalRupas": 3.05,
      },
      "moon": {
        "breakdown": {
          "chesthaBala": 40,
          "digBala": 20,
          "drigBala": 30,
          "kalaBala": 40,
          "naisargikaBala": 51,
          "sthanaBala": 10,
        },
        "details": {
          "combustion": false,
          "directionalStrong": false,
          "enemy": false,
          "exaltation": false,
          "friend": true,
          "greatEnemy": false,
          "greatFriend": false,
          "moolatrikona": false,
          "neutral": false,
          "ownSign": false,
          "retrograde": false,
        },
        "planet": "moon",
        "strength": "excellent",
        "total": 191.43,
        "totalRupas": 3.19,
      },
      "saturn": {
        "breakdown": {
          "chesthaBala": 20,
          "digBala": 30,
          "drigBala": 30,
          "kalaBala": 50,
          "naisargikaBala": 9,
          "sthanaBala": 15,
        },
        "details": {
          "combustion": false,
          "directionalStrong": false,
          "enemy": false,
          "exaltation": false,
          "friend": false,
          "greatEnemy": false,
          "greatFriend": false,
          "moolatrikona": false,
          "neutral": true,
          "ownSign": false,
          "retrograde": false,
        },
        "planet": "saturn",
        "strength": "excellent",
        "total": 153.57,
        "totalRupas": 2.56,
      },
      "sun": {
        "breakdown": {
          "chesthaBala": 40,
          "digBala": 20,
          "drigBala": 30,
          "kalaBala": 25,
          "naisargikaBala": 60,
          "sthanaBala": 35,
        },
        "details": {
          "combustion": false,
          "directionalStrong": false,
          "enemy": false,
          "exaltation": false,
          "friend": false,
          "greatEnemy": false,
          "greatFriend": true,
          "moolatrikona": false,
          "neutral": false,
          "ownSign": false,
          "retrograde": false,
        },
        "planet": "sun",
        "strength": "excellent",
        "total": 210,
        "totalRupas": 3.5,
      },
      "venus": {
        "breakdown": {
          "chesthaBala": 40,
          "digBala": 50,
          "drigBala": 31,
          "kalaBala": 25,
          "naisargikaBala": 43,
          "sthanaBala": 0,
        },
        "details": {
          "combustion": false,
          "directionalStrong": false,
          "enemy": false,
          "exaltation": true,
          "friend": false,
          "greatEnemy": false,
          "greatFriend": false,
          "moolatrikona": false,
          "neutral": true,
          "ownSign": false,
          "retrograde": false,
        },
        "planet": "venus",
        "strength": "excellent",
        "total": 188.61,
        "totalRupas": 3.14,
      },
    },
    "strongestPlanet": "sun",
    "weakestPlanet": "saturn",
  },
  "specialPoints": {
    "AL": {
      "degree": "0° 00' 00"",
      "house": 4,
      "sign": "Aquarius",
    },
    "BB": {
      "degree": "5° 42' 49"",
      "house": 0,
      "sign": "Cancer",
    },
    "UL": {
      "degree": "0° 00' 00"",
      "house": 5,
      "sign": "Unknown",
    },
  },
  "spouseMatch": undefined,
  "time": "12:00:00",
  "vargaDegrees": {
    "D10": {
      "Ascendant": "Aquarius 8° 40' 33"",
      "Jupiter": "Virgo 7° 48' 25"",
      "Ketu": "Aries 23° 08' 03"",
      "Mars": "Cancer 16° 49' 38"",
      "Mercury": "Leo 2° 04' 32"",
      "Moon": "Cancer 1° 08' 24"",
      "Rahu": "Libra 23° 08' 03"",
      "Saturn": "Pisces 10° 45' 52"",
      "Sun": "Taurus 14° 18' 16"",
      "Venus": "Sagittarius 14° 47' 21"",
    },
    "D150": {
      "Ascendant": "Pisces 10° 08' 13"",
      "Jupiter": "Libra 27° 06' 18"",
      "Ketu": "Scorpio 17° 00' 40"",
      "Mars": "Pisces 12° 24' 26"",
      "Mercury": "Sagittarius 1° 07' 56"",
      "Moon": "Pisces 17° 05' 57"",
      "Rahu": "Scorpio 17° 00' 40"",
      "Saturn": "Aquarius 11° 28' 03"",
      "Sun": "Libra 4° 34' 06"",
      "Venus": "Libra 11° 50' 10"",
    },
    "D60": {
      "Ascendant": "Gemini 22° 03' 17"",
      "Jupiter": "Pisces 16° 50' 31"",
      "Ketu": "Gemini 18° 48' 16"",
      "Mars": "Libra 10° 57' 46"",
      "Mercury": "Taurus 12° 27' 10"",
      "Moon": "Sagittarius 6° 50' 23"",
      "Rahu": "Sagittarius 18° 48' 16"",
      "Saturn": "Aries 4° 35' 13"",
      "Sun": "Leo 25° 49' 38"",
      "Venus": "Scorpio 28° 44' 04"",
    },
    "D9": {
      "Ascendant": "Capricorn 16° 48' 30"",
      "Jupiter": "Taurus 4° 01' 35"",
      "Ketu": "Sagittarius 14° 49' 14"",
      "Mars": "Scorpio 3° 08' 40"",
      "Mercury": "Cancer 28° 52' 05"",
      "Moon": "Libra 28° 01' 33"",
      "Rahu": "Gemini 14° 49' 14"",
      "Saturn": "Libra 18° 41' 17"",
      "Sun": "Leo 27° 52' 27"",
      "Venus": "Leo 10° 18' 37"",
    },
  },
  "vedicSignals": {
    "charaKarakas": [
      {
        "degree": 22.07644946954656,
        "karakaName": "Atmakaraka",
        "planet": "saturn",
        "sign": "Leo",
      },
      {
        "degree": 16.43045492181227,
        "karakaName": "Amatyakaraka",
        "planet": "sun",
        "sign": "Sagittarius",
      },
      {
        "degree": 13.682714750622381,
        "karakaName": "Bhratrikaraka",
        "planet": "mars",
        "sign": "Cancer",
      },
      {
        "degree": 4.478907969622014,
        "karakaName": "Matrikaraka",
        "planet": "venus",
        "sign": "Pisces",
      },
      {
        "degree": 3.780700712972134,
        "karakaName": "Putrakaraka",
        "planet": "jupiter",
        "sign": "Leo",
      },
      {
        "degree": 3.2075477495272935,
        "karakaName": "Gnatikaraka",
        "planet": "mercury",
        "sign": "Scorpio",
      },
      {
        "degree": 3.1139944858441595,
        "karakaName": "Darakaraka",
        "planet": "moon",
        "sign": "Gemini",
      },
    ],
    "kundaLagna": {
      "degree": 1.2739826992110466,
      "matchesMoon": true,
      "sign": "Gemini",
    },
    "parivartana": [
      {
        "houses": [
          2,
          10,
        ],
        "planets": [
          "Jupiter",
          "Sun",
        ],
      },
    ],
    "pushkar": [
      "MOON",
      "JUPITER",
      "SATURN",
      "KETU",
    ],
    "tatwa": {
      "element": "Air",
      "isAuspicious": true,
      "name": "Vayu",
    },
    "vargottama": [],
  },
  "vimshottariDasha": [
    {
      "antar": "Venus",
      "maha": "Mars",
      "prana": "?",
      "pratyantar": "?",
      "startEnd": "1980-01-01 to 1981-11-12",
      "sukshma": "?",
    },
  ],
  "vimsopakaBala": {
    "total": 0,
  },
  "yogas": [
    {
      "description": "Exchange of lords between house 2 and 10",
      "name": "Parivartana Yoga",
      "planetsInvolved": [
        "Jupiter",
        "Sun",
      ],
      "significance": "Strengthens both houses involved",
    },
  ],
}
`;
